// Jest Snapshot v1, https://goo.gl/fbAQLP

exports[`TreeCard.vue renders correctly 1`] = `
<div
  class="tree-card ant-card ant-card-bordered tree-card__short"
>
  <div
    class="tree-card__name"
  >
    sample tree
  </div>
   
  <p>
    sample species
  </p>
   
  <div
    class="tree-card__flex-box"
  >
    <img
      alt="sample tree"
      class="tree-card__img"
      src="www.image.com"
      style="display: none;"
    />
  </div>
   
  <div
    class="tree-card__flex-box"
  >
    <button
      class="ant-btn tree-card__button"
    >
      
      Show Image
    
    </button>
  </div>
</div>
`;
