// Jest Snapshot v1, https://goo.gl/fbAQLP

exports[`TreeCard.vue renders correctly 1`] = `
<div
  class="tree-card ant-card ant-card-bordered"
>
  <div
    class="tree-card__name"
  >
    sample tree
  </div>
   
  <p>
    sample species
  </p>
   
  <!---->
   
  <button
    class="ant-btn"
    style="margin-top: 10px;"
  >
    Show Image
  </button>
</div>
`;
